
> ncskit-frontend@1.0.0 type-check
> tsc --noEmit

src/app/(dashboard)/projects/[id]/page.tsx(169,7): error TS2353: Object literal may only specify known properties, and 'metadata' does not exist in type 'Omit<TimelineEvent, "id" | "projectId" | "timestamp">'.
src/app/(dashboard)/projects/[id]/page.tsx(190,9): error TS2353: Object literal may only specify known properties, and 'metadata' does not exist in type 'Omit<TimelineEvent, "id" | "projectId" | "timestamp">'.
src/app/(dashboard)/projects/[id]/page.tsx(215,9): error TS2353: Object literal may only specify known properties, and 'metadata' does not exist in type 'Omit<TimelineEvent, "id" | "projectId" | "timestamp">'.
src/app/(dashboard)/projects/[id]/page.tsx(240,9): error TS2353: Object literal may only specify known properties, and 'metadata' does not exist in type 'Omit<TimelineEvent, "id" | "projectId" | "timestamp">'.
src/app/(dashboard)/references/page.tsx(27,7): error TS2353: Object literal may only specify known properties, and 'journal' does not exist in type '{ name?: string; volume?: string; issue?: string; pages?: string; }'.
src/app/(dashboard)/references/page.tsx(35,7): error TS2353: Object literal may only specify known properties, and 'type' does not exist in type '{ publisher?: string; volume?: string; issue?: string; pages?: string; abstract?: string; }'.
src/app/(dashboard)/references/page.tsx(54,7): error TS2353: Object literal may only specify known properties, and 'journal' does not exist in type '{ name?: string; volume?: string; issue?: string; pages?: string; }'.
src/app/(dashboard)/references/page.tsx(61,7): error TS2353: Object literal may only specify known properties, and 'type' does not exist in type '{ publisher?: string; volume?: string; issue?: string; pages?: string; abstract?: string; }'.
src/app/(dashboard)/references/page.tsx(85,20): error TS2339: Property 'keywords' does not exist on type '{ publisher?: string; volume?: string; issue?: string; pages?: string; abstract?: string; }'.
src/app/(dashboard)/references/page.tsx(88,64): error TS2339: Property 'type' does not exist on type '{ publisher?: string; volume?: string; issue?: string; pages?: string; abstract?: string; }'.
src/app/(dashboard)/references/page.tsx(158,52): error TS2339: Property 'type' does not exist on type '{ publisher?: string; volume?: string; issue?: string; pages?: string; abstract?: string; }'.
src/app/(dashboard)/references/page.tsx(168,66): error TS2339: Property 'citationCount' does not exist on type '{ publisher?: string; volume?: string; issue?: string; pages?: string; abstract?: string; }'.
src/app/(dashboard)/references/page.tsx(226,50): error TS2339: Property 'journal' does not exist on type '{ name?: string; volume?: string; issue?: string; pages?: string; }'.
src/app/(dashboard)/references/page.tsx(228,84): error TS2339: Property 'journal' does not exist on type '{ name?: string; volume?: string; issue?: string; pages?: string; }'.
src/app/(dashboard)/references/page.tsx(232,59): error TS2339: Property 'year' does not exist on type '{ name?: string; volume?: string; issue?: string; pages?: string; }'.
src/app/(dashboard)/references/page.tsx(238,45): error TS2339: Property 'type' does not exist on type '{ publisher?: string; volume?: string; issue?: string; pages?: string; abstract?: string; }'.
src/app/(dashboard)/references/page.tsx(250,45): error TS2339: Property 'citationCount' does not exist on type '{ publisher?: string; volume?: string; issue?: string; pages?: string; abstract?: string; }'.
src/app/(dashboard)/references/page.tsx(251,64): error TS2339: Property 'citationCount' does not exist on type '{ publisher?: string; volume?: string; issue?: string; pages?: string; abstract?: string; }'.
src/app/(dashboard)/references/page.tsx(253,45): error TS2339: Property 'impactFactor' does not exist on type '{ publisher?: string; volume?: string; issue?: string; pages?: string; abstract?: string; }'.
src/app/(dashboard)/references/page.tsx(254,57): error TS2339: Property 'impactFactor' does not exist on type '{ publisher?: string; volume?: string; issue?: string; pages?: string; abstract?: string; }'.
src/app/(dashboard)/settings/page.tsx(29,17): error TS2339: Property 'updateUser' does not exist on type 'AuthState'.
src/app/(dashboard)/settings/page.tsx(35,25): error TS2339: Property 'profile' does not exist on type 'User'.
src/app/(dashboard)/settings/page.tsx(42,22): error TS2339: Property 'profile' does not exist on type 'User'.
src/app/(dashboard)/settings/page.tsx(43,21): error TS2339: Property 'profile' does not exist on type 'User'.
src/app/(dashboard)/settings/page.tsx(45,24): error TS2339: Property 'profile' does not exist on type 'User'.
src/app/(dashboard)/settings/page.tsx(46,20): error TS2339: Property 'profile' does not exist on type 'User'.
src/app/(dashboard)/settings/page.tsx(47,27): error TS2339: Property 'profile' does not exist on type 'User'.
src/app/(dashboard)/settings/page.tsx(78,20): error TS2339: Property 'profile' does not exist on type 'User'.
src/app/(dashboard)/settings/page.tsx(146,29): error TS2739: Type 'User' is missing the following properties from type 'User': full_name, avatar_url, status, last_login_at
src/app/(dashboard)/settings/page.tsx(273,26): error TS2339: Property 'subscription' does not exist on type 'User'.
src/app/(dashboard)/settings/page.tsx(285,26): error TS2551: Property 'createdAt' does not exist on type 'User'. Did you mean 'created_at'?
src/app/(dashboard)/settings/page.tsx(285,52): error TS2551: Property 'createdAt' does not exist on type 'User'. Did you mean 'created_at'?
src/app/(dashboard)/settings/page.tsx(292,26): error TS2551: Property 'updatedAt' does not exist on type 'User'. Did you mean 'updated_at'?
src/app/(dashboard)/settings/page.tsx(292,52): error TS2551: Property 'updatedAt' does not exist on type 'User'. Did you mean 'updated_at'?
src/components/analysis/statistical-analysis.tsx(49,16): error TS2339: Property 'measurementItems' does not exist on type 'ResearchVariable'.
src/components/blog/blog-card.tsx(28,27): error TS2551: Property 'featured_image_alt' does not exist on type 'Post'. Did you mean 'featured_image'?
src/components/blog/blog-card.tsx(39,57): error TS2339: Property 'color' does not exist on type 'string'.
src/components/blog/blog-card.tsx(41,32): error TS2339: Property 'name' does not exist on type 'string'.
src/components/blog/blog-card.tsx(48,21): error TS2339: Property 'reading_time' does not exist on type 'Post'.
src/components/blog/blog-card.tsx(91,30): error TS2339: Property 'name' does not exist on type '{ id: string; full_name: string; email: string; avatar_url: string; }'.
src/components/blog/blog-card.tsx(102,23): error TS2339: Property 'views' does not exist on type 'Post'.
src/components/blog/blog-card.tsx(106,23): error TS2339: Property 'likes' does not exist on type 'Post'.
src/components/blog/blog-seo.tsx(31,22): error TS2339: Property 'seo' does not exist on type 'Post'.
src/components/blog/blog-seo.tsx(32,48): error TS2339: Property 'seo' does not exist on type 'Post'.
src/components/blog/blog-seo.tsx(33,45): error TS2339: Property 'seo' does not exist on type 'Post'.
src/components/blog/blog-seo.tsx(34,50): error TS2339: Property 'name' does not exist on type '{ id: string; full_name: string; email: string; avatar_url: string; }'.
src/components/blog/blog-seo.tsx(36,42): error TS2339: Property 'seo' does not exist on type 'Post'.
src/components/blog/blog-seo.tsx(40,49): error TS2339: Property 'seo' does not exist on type 'Post'.
src/components/blog/blog-seo.tsx(41,55): error TS2339: Property 'seo' does not exist on type 'Post'.
src/components/blog/blog-seo.tsx(44,53): error TS2551: Property 'featured_image_alt' does not exist on type 'Post'. Did you mean 'featured_image'?
src/components/blog/blog-seo.tsx(51,62): error TS2339: Property 'name' does not exist on type '{ id: string; full_name: string; email: string; avatar_url: string; }'.
src/components/blog/blog-seo.tsx(52,65): error TS2339: Property 'name' does not exist on type 'string'.
src/components/blog/blog-seo.tsx(59,50): error TS2339: Property 'seo' does not exist on type 'Post'.
src/components/blog/blog-seo.tsx(60,56): error TS2339: Property 'seo' does not exist on type 'Post'.
src/components/blog/blog-seo.tsx(62,54): error TS2551: Property 'featured_image_alt' does not exist on type 'Post'. Did you mean 'featured_image'?
src/components/blog/blog-seo.tsx(76,37): error TS2339: Property 'name' does not exist on type '{ id: string; full_name: string; email: string; avatar_url: string; }'.
src/components/blog/blog-seo.tsx(92,47): error TS2339: Property 'name' does not exist on type 'string'.
src/components/blog/blog-seo.tsx(95,41): error TS2339: Property 'reading_time' does not exist on type 'Post'.
src/components/blog/blog-sidebar.tsx(73,33): error TS2339: Property 'views' does not exist on type 'Post'.
src/components/blog/blog-sidebar.tsx(75,33): error TS2339: Property 'likes' does not exist on type 'Post'.
src/components/blog/blog-sidebar.tsx(97,33): error TS2339: Property 'id' does not exist on type 'Category'.
src/components/blog/blog-sidebar.tsx(104,58): error TS2339: Property 'color' does not exist on type 'Category'.
src/components/blog/blog-sidebar.tsx(133,28): error TS2339: Property 'id' does not exist on type 'Tag'.
src/components/campaigns/campaign-manager.tsx(251,35): error TS2339: Property 'description' does not exist on type 'SurveyCampaign'.
src/components/campaigns/campaign-manager.tsx(275,35): error TS2339: Property 'participation' does not exist on type 'SurveyCampaign'.
src/components/campaigns/campaign-manager.tsx(275,80): error TS2339: Property 'config' does not exist on type 'SurveyCampaign'.
src/components/campaigns/campaign-manager.tsx(281,72): error TS2339: Property 'config' does not exist on type 'SurveyCampaign'.
src/components/dashboard/project-card.tsx(7,31): error TS2305: Module '"@/types"' has no exported member 'ResearchPhase'.
src/components/layout/header.tsx(121,73): error TS2339: Property 'full_name' does not exist on type 'User'.
src/components/layout/header.tsx(128,78): error TS2339: Property 'full_name' does not exist on type 'User'.
src/components/layout/header.tsx(222,82): error TS2339: Property 'full_name' does not exist on type 'User'.
src/components/profile/profile-edit-form.tsx(43,17): error TS2339: Property 'setUser' does not exist on type 'AuthState'.
src/components/profile/profile-edit-form.tsx(47,11): error TS2339: Property 'profile' does not exist on type 'User'.
src/components/profile/profile-edit-form.tsx(58,24): error TS2339: Property 'profile' does not exist on type 'User'.
src/components/profile/profile-edit-form.tsx(59,23): error TS2339: Property 'profile' does not exist on type 'User'.
src/components/profile/profile-edit-form.tsx(60,26): error TS2339: Property 'profile' does not exist on type 'User'.
src/components/profile/profile-edit-form.tsx(61,22): error TS2339: Property 'profile' does not exist on type 'User'.
src/components/profile/profile-edit-form.tsx(62,29): error TS2339: Property 'profile' does not exist on type 'User'.
src/components/projects/data-collection-step.tsx(58,82): error TS2693: 'DataCollectionMethod' only refers to a type, but is being used as a value here.
src/components/projects/data-collection-step.tsx(60,62): error TS2693: 'DataCollectionStatus' only refers to a type, but is being used as a value here.
src/components/projects/data-collection-step.tsx(84,50): error TS2693: 'DataCollectionMethod' only refers to a type, but is being used as a value here.
src/components/projects/data-collection-step.tsx(86,30): error TS2693: 'DataCollectionStatus' only refers to a type, but is being used as a value here.
src/components/projects/data-collection-step.tsx(104,19): error TS2339: Property 'variables' does not exist on type 'TheoreticalFramework'.
src/components/projects/data-collection-step.tsx(111,21): error TS2693: 'QuestionType' only refers to a type, but is being used as a value here.
src/components/projects/data-collection-step.tsx(115,15): error TS2322: Type '{ min: number; max: number; labels: string[]; }' is not assignable to type 'number'.
src/components/projects/data-collection-step.tsx(132,21): error TS2693: 'QuestionType' only refers to a type, but is being used as a value here.
src/components/projects/data-collection-step.tsx(136,15): error TS2322: Type '{ min: number; max: number; labels: string[]; }' is not assignable to type 'number'.
src/components/projects/data-collection-step.tsx(153,21): error TS2693: 'QuestionType' only refers to a type, but is being used as a value here.
src/components/projects/data-collection-step.tsx(157,15): error TS2322: Type '{ min: number; max: number; labels: string[]; }' is not assignable to type 'number'.
src/components/projects/data-collection-step.tsx(194,30): error TS2339: Property 'researchVariable' does not exist on type 'QuestionTemplate'.
src/components/projects/data-collection-step.tsx(196,11): error TS2322: Type 'number' is not assignable to type '{ min: number; max: number; labels: string[]; }'.
src/components/projects/data-collection-step.tsx(279,7): error TS2353: Object literal may only specify known properties, and 'surveyId' does not exist in type 'DataCollectionConfig'.
src/components/projects/data-collection-step.tsx(280,40): error TS2693: 'DataCollectionMethod' only refers to a type, but is being used as a value here.
src/components/projects/data-collection-step.tsx(290,30): error TS2693: 'DataCollectionMethod' only refers to a type, but is being used as a value here.
src/components/projects/data-collection-step.tsx(315,38): error TS2693: 'DataCollectionMethod' only refers to a type, but is being used as a value here.
src/components/projects/data-collection-step.tsx(319,50): error TS2693: 'DataCollectionMethod' only refers to a type, but is being used as a value here.
src/components/projects/data-collection-step.tsx(323,40): error TS2693: 'DataCollectionMethod' only refers to a type, but is being used as a value here.
src/components/projects/data-collection-step.tsx(336,38): error TS2693: 'DataCollectionMethod' only refers to a type, but is being used as a value here.
src/components/projects/data-collection-step.tsx(340,50): error TS2693: 'DataCollectionMethod' only refers to a type, but is being used as a value here.
src/components/projects/data-collection-step.tsx(344,40): error TS2693: 'DataCollectionMethod' only refers to a type, but is being used as a value here.
src/components/projects/data-collection-step.tsx(370,29): error TS2693: 'DataCollectionMethod' only refers to a type, but is being used as a value here.
src/components/projects/data-collection-step.tsx(509,29): error TS2693: 'DataCollectionMethod' only refers to a type, but is being used as a value here.
src/components/projects/data-collection-step.tsx(599,29): error TS2693: 'DataCollectionMethod' only refers to a type, but is being used as a value here.
src/components/projects/data-collection-step.tsx(649,37): error TS2693: 'DataCollectionMethod' only refers to a type, but is being used as a value here.
src/components/projects/data-collection-step.tsx(652,37): error TS2693: 'DataCollectionMethod' only refers to a type, but is being used as a value here.
src/components/projects/progress-tracker.tsx(77,28): error TS2339: Property 'SKIPPED' does not exist on type 'typeof MilestoneStatus'.
src/components/projects/progress-tracker.tsx(100,22): error TS2339: Property 'THEORETICAL_FRAMEWORK' does not exist on type 'typeof MilestoneType'.
src/components/projects/progress-tracker.tsx(101,22): error TS2339: Property 'SURVEY_DESIGN' does not exist on type 'typeof MilestoneType'.
src/components/projects/progress-tracker.tsx(104,22): error TS2339: Property 'WRITING' does not exist on type 'typeof MilestoneType'.
src/components/projects/progress-tracker.tsx(105,22): error TS2339: Property 'REVIEW' does not exist on type 'typeof MilestoneType'.
src/components/projects/progress-tracker.tsx(107,22): error TS2339: Property 'PUBLICATION' does not exist on type 'typeof MilestoneType'.
src/components/projects/progress-tracker.tsx(440,7): error TS2353: Object literal may only specify known properties, and 'attachments' does not exist in type 'Omit<Milestone, "id" | "projectId">'.
src/components/projects/research-design-step.tsx(34,5): error TS2353: Object literal may only specify known properties, and 'description' does not exist in type 'Partial<ResearchVariable> | (() => Partial<ResearchVariable>)'.
src/components/projects/research-design-step.tsx(43,5): error TS2353: Object literal may only specify known properties, and 'type' does not exist in type 'Partial<Hypothesis> | (() => Partial<Hypothesis>)'.
src/components/projects/research-design-step.tsx(109,9): error TS2353: Object literal may only specify known properties, and 'variables' does not exist in type 'TheoreticalFramework'.
src/components/projects/research-design-step.tsx(132,28): error TS2345: Argument of type '(ResearchVariable | { id: string; name: string; type: any; description: string; construct: string; measurementItems: string[]; })[]' is not assignable to parameter of type 'SetStateAction<ResearchVariable[]>'.
  Type '(ResearchVariable | { id: string; name: string; type: any; description: string; construct: string; measurementItems: string[]; })[]' is not assignable to type 'ResearchVariable[]'.
    Type 'ResearchVariable | { id: string; name: string; type: any; description: string; construct: string; measurementItems: string[]; }' is not assignable to type 'ResearchVariable'.
      Property 'items' is missing in type '{ id: string; name: string; type: any; description: string; construct: string; measurementItems: string[]; }' but required in type 'ResearchVariable'.
src/components/projects/research-design-step.tsx(143,9): error TS2353: Object literal may only specify known properties, and 'description' does not exist in type 'ResearchVariable'.
src/components/projects/research-design-step.tsx(143,34): error TS2339: Property 'description' does not exist on type 'Partial<ResearchVariable>'.
src/components/projects/research-design-step.tsx(145,39): error TS2339: Property 'measurementItems' does not exist on type 'Partial<ResearchVariable>'.
src/components/projects/research-design-step.tsx(152,9): error TS2353: Object literal may only specify known properties, and 'description' does not exist in type 'SetStateAction<Partial<ResearchVariable>>'.
src/components/projects/research-design-step.tsx(166,7): error TS2353: Object literal may only specify known properties, and 'measurementItems' does not exist in type 'SetStateAction<Partial<ResearchVariable>>'.
src/components/projects/research-design-step.tsx(166,42): error TS2339: Property 'measurementItems' does not exist on type 'Partial<ResearchVariable>'.
src/components/projects/research-design-step.tsx(171,36): error TS2339: Property 'measurementItems' does not exist on type 'Partial<ResearchVariable>'.
src/components/projects/research-design-step.tsx(173,38): error TS2353: Object literal may only specify known properties, and 'measurementItems' does not exist in type 'SetStateAction<Partial<ResearchVariable>>'.
src/components/projects/research-design-step.tsx(177,32): error TS2339: Property 'measurementItems' does not exist on type 'Partial<ResearchVariable>'.
src/components/projects/research-design-step.tsx(178,38): error TS2353: Object literal may only specify known properties, and 'measurementItems' does not exist in type 'SetStateAction<Partial<ResearchVariable>>'.
src/components/projects/research-design-step.tsx(187,9): error TS2353: Object literal may only specify known properties, and 'type' does not exist in type 'Hypothesis'.
src/components/projects/research-design-step.tsx(187,29): error TS2339: Property 'type' does not exist on type 'Partial<Hypothesis>'.
src/components/projects/research-design-step.tsx(189,42): error TS2339: Property 'expectedDirection' does not exist on type 'Partial<Hypothesis>'.
src/components/projects/research-design-step.tsx(195,9): error TS2353: Object literal may only specify known properties, and 'type' does not exist in type 'SetStateAction<Partial<Hypothesis>>'.
src/components/projects/research-design-step.tsx(211,7): error TS2322: Type 'Hypothesis[]' is not assignable to type 'string[]'.
  Type 'Hypothesis' is not assignable to type 'string'.
src/components/projects/research-design-step.tsx(283,36): error TS2339: Property 'variables' does not exist on type 'TheoreticalFramework'.
src/components/projects/research-design-step.tsx(336,33): error TS2339: Property 'description' does not exist on type 'ResearchVariable'.
src/components/projects/research-design-step.tsx(337,77): error TS2339: Property 'description' does not exist on type 'ResearchVariable'.
src/components/projects/research-design-step.tsx(339,33): error TS2339: Property 'measurementItems' does not exist on type 'ResearchVariable'.
src/components/projects/research-design-step.tsx(341,61): error TS2339: Property 'measurementItems' does not exist on type 'ResearchVariable'.
src/components/projects/research-design-step.tsx(398,38): error TS2339: Property 'description' does not exist on type 'Partial<ResearchVariable>'.
src/components/projects/research-design-step.tsx(399,68): error TS2353: Object literal may only specify known properties, and 'description' does not exist in type 'SetStateAction<Partial<ResearchVariable>>'.
src/components/projects/research-design-step.tsx(407,29): error TS2339: Property 'measurementItems' does not exist on type 'Partial<ResearchVariable>'.
src/components/projects/research-design-step.tsx(415,33): error TS2339: Property 'measurementItems' does not exist on type 'Partial<ResearchVariable>'.
src/components/projects/research-design-step.tsx(458,52): error TS2339: Property 'type' does not exist on type 'Hypothesis'.
src/components/projects/research-design-step.tsx(459,39): error TS2339: Property 'type' does not exist on type 'Hypothesis'.
src/components/projects/research-design-step.tsx(460,39): error TS2339: Property 'type' does not exist on type 'Hypothesis'.
src/components/projects/research-design-step.tsx(463,39): error TS2339: Property 'expectedDirection' does not exist on type 'Hypothesis'.
src/components/projects/research-design-step.tsx(464,39): error TS2339: Property 'expectedDirection' does not exist on type 'Hypothesis'.
src/components/projects/research-design-step.tsx(493,40): error TS2339: Property 'type' does not exist on type 'Partial<Hypothesis>'.
src/components/projects/research-design-step.tsx(494,72): error TS2353: Object literal may only specify known properties, and 'type' does not exist in type 'SetStateAction<Partial<Hypothesis>>'.
src/components/projects/research-design-step.tsx(505,40): error TS2339: Property 'expectedDirection' does not exist on type 'Partial<Hypothesis>'.
src/components/projects/research-design-step.tsx(506,72): error TS2353: Object literal may only specify known properties, and 'expectedDirection' does not exist in type 'SetStateAction<Partial<Hypothesis>>'.
src/lib/permissions/check.ts(37,50): error TS2339: Property 'role' does not exist on type 'never'.
src/lib/permissions/check.ts(40,56): error TS2339: Property 'role' does not exist on type 'never'.
src/lib/permissions/check.ts(57,8): error TS2339: Property 'expires_at' does not exist on type 'never'.
src/lib/permissions/check.ts(57,33): error TS2339: Property 'expires_at' does not exist on type 'never'.
src/lib/permissions/check.ts(60,46): error TS2339: Property 'permission' does not exist on type 'never'.
src/lib/permissions/check.ts(64,38): error TS2339: Property 'role' does not exist on type 'never'.
src/lib/permissions/check.ts(65,30): error TS2339: Property 'permission' does not exist on type 'never'.
src/lib/permissions/check.ts(126,51): error TS2339: Property 'role' does not exist on type 'never'.
src/lib/permissions/check.ts(168,15): error TS2339: Property 'role' does not exist on type 'never'.
src/lib/permissions/check.ts(168,40): error TS2339: Property 'role' does not exist on type 'never'.
src/lib/permissions/check.ts(184,15): error TS2339: Property 'role' does not exist on type 'never'.
src/lib/supabase/utils.ts(58,13): error TS2345: Argument of type 'any' is not assignable to parameter of type 'never'.
src/services/survey-builder.ts(513,40): error TS2339: Property 'variables' does not exist on type 'TheoreticalFramework'.
src/services/survey-builder.ts(532,15): error TS2322: Type 'number' is not assignable to type '{ min: number; max: number; labels: string[]; }'.
src/services/survey-builder.ts(762,41): error TS2339: Property 'variables' does not exist on type 'TheoreticalFramework'.
src/services/survey-builder.ts(762,64): error TS2339: Property 'variables' does not exist on type 'TheoreticalFramework'.
src/services/survey-builder.ts(795,40): error TS2339: Property 'variables' does not exist on type 'TheoreticalFramework'.
src/services/survey-campaigns.ts(265,41): error TS2693: 'CampaignStatus' only refers to a type, but is being used as a value here.
src/services/survey-campaigns.ts(642,40): error TS2339: Property 'participation' does not exist on type 'SurveyCampaign'.
src/services/survey-campaigns.ts(642,83): error TS2339: Property 'config' does not exist on type 'SurveyCampaign'.
src/services/survey-campaigns.ts(643,37): error TS2339: Property 'participation' does not exist on type 'SurveyCampaign'.
src/services/survey-campaigns.ts(644,18): error TS2339: Property 'participation' does not exist on type 'SurveyCampaign'.
src/services/survey-campaigns.ts(644,62): error TS2339: Property 'participation' does not exist on type 'SurveyCampaign'.
src/services/survey-campaigns.ts(648,33): error TS2339: Property 'launchedAt' does not exist on type 'SurveyCampaign'.
src/services/survey-campaigns.ts(648,64): error TS2339: Property 'launchedAt' does not exist on type 'SurveyCampaign'.
src/services/survey-campaigns.ts(649,62): error TS2339: Property 'config' does not exist on type 'SurveyCampaign'.
src/services/survey-campaigns.ts(652,39): error TS2339: Property 'config' does not exist on type 'SurveyCampaign'.
src/services/survey-campaigns.ts(653,19): error TS2339: Property 'config' does not exist on type 'SurveyCampaign'.
src/services/survey-campaigns.ts(653,63): error TS2339: Property 'config' does not exist on type 'SurveyCampaign'.
src/services/survey-campaigns.ts(670,8): error TS2693: 'CampaignStatus' only refers to a type, but is being used as a value here.
src/services/survey-campaigns.ts(671,8): error TS2693: 'CampaignStatus' only refers to a type, but is being used as a value here.
src/services/survey-campaigns.ts(672,8): error TS2693: 'CampaignStatus' only refers to a type, but is being used as a value here.
src/services/survey-campaigns.ts(673,8): error TS2693: 'CampaignStatus' only refers to a type, but is being used as a value here.
src/services/survey-campaigns.ts(674,8): error TS2693: 'CampaignStatus' only refers to a type, but is being used as a value here.
src/services/survey-campaigns.ts(742,29): error TS2693: 'CampaignStatus' only refers to a type, but is being used as a value here.
src/services/survey-campaigns.ts(746,19): error TS2339: Property 'surveyId' does not exist on type 'SurveyCampaign'.
src/services/survey-campaigns.ts(750,18): error TS2339: Property 'config' does not exist on type 'SurveyCampaign'.
src/services/survey-campaigns.ts(754,18): error TS2339: Property 'config' does not exist on type 'SurveyCampaign'.
src/services/survey-campaigns.ts(760,61): error TS2339: Property 'surveyId' does not exist on type 'SurveyCampaign'.
src/services/workflow-integration.ts(165,11): error TS2353: Object literal may only specify known properties, and 'demographics' does not exist in type 'EligibilityCriteria'.
src/services/workflow-integration.ts(199,9): error TS2353: Object literal may only specify known properties, and 'metadata' does not exist in type 'Omit<TimelineEvent, "id" | "projectId" | "timestamp">'.
src/services/workflow-integration.ts(227,24): error TS2339: Property 'variables' does not exist on type 'TheoreticalFramework'.
src/services/workflow-integration.ts(275,76): error TS2339: Property 'config' does not exist on type 'SurveyCampaign'.
src/services/workflow-integration.ts(381,47): error TS2339: Property 'config' does not exist on type 'SurveyCampaign'.
src/services/workflow-integration.ts(382,54): error TS2339: Property 'config' does not exist on type 'SurveyCampaign'.
src/services/workflow-integration.ts(383,37): error TS2339: Property 'config' does not exist on type 'SurveyCampaign'.
src/services/workflow-integration.ts(389,53): error TS2339: Property 'config' does not exist on type 'SurveyCampaign'.
src/store/projects.ts(54,71): error TS2345: Argument of type 'ProjectCreation' is not assignable to parameter of type 'Partial<ServiceProject>'.
  Types of property 'user_id' are incompatible.
    Type 'string' is not assignable to type 'number'.
src/store/projects.ts(87,70): error TS2345: Argument of type '{ user_id: string; id?: string; name?: string; description?: string; status?: "active" | "archived" | "completed"; created_at?: string; updated_at?: string; }' is not assignable to parameter of type 'Partial<ServiceProject>'.
  Types of property 'user_id' are incompatible.
    Type 'string' is not assignable to type 'number'.
